// Jest Snapshot v1, https://goo.gl/fbAQLP

exports[`A pagina de Configuração Dever ser renderizada corretamente 1`] = `
<div>
  <section>
    <h2>
      Vamos começar!
    </h2>
    <form>
      <div
        class="grupo-input-btn"
      >
        <input
          placeholder="Insira os nomes dos participantes"
          type="text"
          value=""
        />
        <button
          disabled=""
        >
          Adicionar
        </button>
        
      </div>
    </form>
    <ul />
    <footer
      class="rodape-configuracoes"
    >
      <button
        class="botao"
        disabled=""
      >
        Inciar brincadeira
      </button>
      <img
        alt="Sacolas de compras"
        src="/imagens/sacolas.png"
      />
    </footer>
  </section>
</div>
`;
